// Jest Snapshot v1, https://goo.gl/fbAQLP

exports[`Complete 组件测试 样式正常 1`] = `
<div
  className="complete-list"
>
  <div
    className="complete-list-title"
  >
    已完成
    <div
      className="complete-list-count"
      data-test="count"
    >
      2
    </div>
  </div>
  <ul
    className="complete-list-content"
  >
    <li
      className="complete-list-item"
      data-test="list-item"
      key="0"
    >
      <div>
        <input
          checked={false}
          className="complete-list-item-checkbox"
          data-test="checkbox"
          onChange={[Function]}
          type="checkbox"
        />
        <span>
          学习 jest
        </span>
      </div>
      <span
        className="complete-list-delete"
        data-test="delete-item"
        onClick={[Function]}
      >
        -
      </span>
    </li>
    <li
      className="complete-list-item"
      data-test="list-item"
      key="1"
    >
      <div>
        <input
          checked={false}
          className="complete-list-item-checkbox"
          data-test="checkbox"
          onChange={[Function]}
          type="checkbox"
        />
        <span>
          学习 TDD
        </span>
      </div>
      <span
        className="complete-list-delete"
        data-test="delete-item"
        onClick={[Function]}
      >
        -
      </span>
    </li>
  </ul>
</div>
`;
